// Jest Snapshot v1, https://goo.gl/fbAQLP

exports[`LogIn button should render the Login button 1`] = `ShallowWrapper {}`;

exports[`NavBar should match the snapshot 1`] = `ShallowWrapper {}`;
