// Jest Snapshot v1, https://goo.gl/fbAQLP

exports[`MajorReleases should match the snapshot 1`] = `ShallowWrapper {}`;
